C:\Users\Lucas Franca\Documents\CES-27\Lab5\ces27-lab3>go run run.go -id 1
2017/12/08 02:23:45 [SERVER] Listening on 'localhost:3001'
2017/12/08 02:23:45 [FOLLOWER 0] Run Logic.
2017/12/08 02:23:45 [SERVER] Accepting connections.
2017/12/08 02:23:48 [FOLLOWER 1] Vote granted to 'localhost:3002' for term '1'.
exit status 2

C:\Users\Lucas Franca\Documents\CES-27\Lab5\ces27-lab3>go run run.go -id 2
2017/12/08 02:23:45 [SERVER] Listening on 'localhost:3002'
2017/12/08 02:23:45 [FOLLOWER 0] Run Logic.
2017/12/08 02:23:45 [SERVER] Accepting connections.
2017/12/08 02:23:47 [FOLLOWER 0] Election timeout.
2017/12/08 02:23:47 [CANDIDATE 0] Run Logic.
2017/12/08 02:23:47 [CANDIDATE 1] Running for term '1'.
2017/12/08 02:23:48 [CANDIDATE 1] Vote granted by 'localhost:3005'.
2017/12/08 02:23:48 [CANDIDATE 1] VoteCount: 2
2017/12/08 02:23:48 [CANDIDATE 1] Vote granted by 'localhost:3004'.
2017/12/08 02:23:48 [CANDIDATE 1] VoteCount: 3
2017/12/08 02:23:48 [LEADER 1] Run Logic.
exit status 2

C:\Users\Lucas Franca\Documents\CES-27\Lab5\ces27-lab3>go run run.go -id 3
2017/12/08 02:23:46 [SERVER] Listening on 'localhost:3003'
2017/12/08 02:23:46 [FOLLOWER 0] Run Logic.
2017/12/08 02:23:46 [SERVER] Accepting connections.
2017/12/08 02:23:48 [FOLLOWER 1] Vote granted to 'localhost:3002' for term '1'.
2017/12/08 02:24:18 [FOLLOWER 1] Election timeout.
2017/12/08 02:24:18 [CANDIDATE 1] Run Logic.
2017/12/08 02:24:18 [CANDIDATE 2] Running for term '2'.
2017/12/08 02:24:19 [CANDIDATE 2] Vote denied to 'localhost:3004' for term '2'.
2017/12/08 02:24:19 [CANDIDATE 2] Vote denied by 'localhost:3005'.
2017/12/08 02:24:19 [CANDIDATE 2] VoteCount: 1
2017/12/08 02:24:19 [CANDIDATE 2] Vote denied by 'localhost:3004'.
2017/12/08 02:24:19 [CANDIDATE 2] VoteCount: 1
2017/12/08 02:24:21 [CANDIDATE 2] Election timeout.
2017/12/08 02:24:21 [CANDIDATE 2] Run Logic.
2017/12/08 02:24:21 [CANDIDATE 3] Running for term '3'.
2017/12/08 02:24:22 [CANDIDATE 3] Vote denied by 'localhost:3004'.
2017/12/08 02:24:22 [CANDIDATE 3] VoteCount: 1
2017/12/08 02:24:22 [CANDIDATE 3] Vote denied by 'localhost:3005'.
2017/12/08 02:24:22 [CANDIDATE 3] VoteCount: 1
2017/12/08 02:24:23 [CANDIDATE 3] Vote denied to 'localhost:3005' for term '3'.
2017/12/08 02:24:23 [CANDIDATE 3] Vote denied to 'localhost:3004' for term '3'.
2017/12/08 02:24:25 [CANDIDATE 3] Vote granted to 'localhost:3005' for term '4'.
2017/12/08 02:24:25 [FOLLOWER 4] Run Logic.

C:\Users\Lucas Franca\Documents\CES-27\Lab5\ces27-lab3>go run run.go -id 4
2017/12/08 02:23:46 [SERVER] Listening on 'localhost:3004'
2017/12/08 02:23:46 [FOLLOWER 0] Run Logic.
2017/12/08 02:23:46 [SERVER] Accepting connections.
2017/12/08 02:23:48 [FOLLOWER 1] Vote granted to 'localhost:3002' for term '1'.
2017/12/08 02:24:18 [FOLLOWER 1] Election timeout.
2017/12/08 02:24:18 [CANDIDATE 1] Run Logic.
2017/12/08 02:24:18 [CANDIDATE 2] Running for term '2'.
2017/12/08 02:24:19 [CANDIDATE 2] Vote granted by 'localhost:3005'.
2017/12/08 02:24:19 [CANDIDATE 2] VoteCount: 2
2017/12/08 02:24:19 [CANDIDATE 2] Vote denied by 'localhost:3003'.
2017/12/08 02:24:19 [CANDIDATE 2] VoteCount: 2
2017/12/08 02:24:19 [CANDIDATE 2] Vote denied to 'localhost:3003' for term '2'.
2017/12/08 02:24:22 [CANDIDATE 2] Election timeout.
2017/12/08 02:24:22 [CANDIDATE 2] Run Logic.
2017/12/08 02:24:22 [CANDIDATE 3] Running for term '3'.
2017/12/08 02:24:22 [CANDIDATE 3] Vote denied to 'localhost:3003' for term '3'.
2017/12/08 02:24:23 [CANDIDATE 3] Vote denied to 'localhost:3005' for term '3'.
2017/12/08 02:24:23 [CANDIDATE 3] Vote denied by 'localhost:3005'.
2017/12/08 02:24:23 [CANDIDATE 3] VoteCount: 1
2017/12/08 02:24:23 [CANDIDATE 3] Vote denied by 'localhost:3003'.
2017/12/08 02:24:23 [CANDIDATE 3] VoteCount: 1
2017/12/08 02:24:25 [CANDIDATE 3] Vote granted to 'localhost:3005' for term '4'.
2017/12/08 02:24:25 [FOLLOWER 4] Run Logic.

C:\Users\Lucas Franca\Documents\CES-27\Lab5\ces27-lab3>go run run.go -id 5
2017/12/08 02:23:47 [SERVER] Listening on 'localhost:3005'
2017/12/08 02:23:47 [FOLLOWER 0] Run Logic.
2017/12/08 02:23:47 [SERVER] Accepting connections.
2017/12/08 02:23:48 [FOLLOWER 1] Vote granted to 'localhost:3002' for term '1'.
2017/12/08 02:24:19 [FOLLOWER 2] Vote granted to 'localhost:3004' for term '2'.
2017/12/08 02:24:19 [FOLLOWER 2] Vote denied to 'localhost:3003' for term '2'.
2017/12/08 02:24:22 [FOLLOWER 2] Election timeout.
2017/12/08 02:24:22 [CANDIDATE 2] Run Logic.
2017/12/08 02:24:22 [CANDIDATE 3] Running for term '3'.
2017/12/08 02:24:22 [CANDIDATE 3] Vote denied to 'localhost:3003' for term '3'.
2017/12/08 02:24:23 [CANDIDATE 3] Vote denied by 'localhost:3004'.
2017/12/08 02:24:23 [CANDIDATE 3] VoteCount: 1
2017/12/08 02:24:23 [CANDIDATE 3] Vote denied by 'localhost:3003'.
2017/12/08 02:24:23 [CANDIDATE 3] VoteCount: 1
2017/12/08 02:24:23 [CANDIDATE 3] Vote denied to 'localhost:3004' for term '3'.
2017/12/08 02:24:24 [CANDIDATE 3] Election timeout.
2017/12/08 02:24:24 [CANDIDATE 3] Run Logic.
2017/12/08 02:24:24 [CANDIDATE 4] Running for term '4'.
2017/12/08 02:24:25 [CANDIDATE 4] Vote granted by 'localhost:3003'.
2017/12/08 02:24:25 [CANDIDATE 4] VoteCount: 2
2017/12/08 02:24:25 [CANDIDATE 4] Vote granted by 'localhost:3004'.
2017/12/08 02:24:25 [CANDIDATE 4] VoteCount: 3
2017/12/08 02:24:25 [LEADER 4] Run Logic.