C:\Users\Lucas Franca\Documents\CES-27\Lab5\ces27-lab3>go run run.go -id 1
2017/12/08 02:03:43 [SERVER] Listening on 'localhost:3001'
2017/12/08 02:03:43 [FOLLOWER 0] Run Logic.
2017/12/08 02:03:43 [SERVER] Accepting connections.
2017/12/08 02:03:47 [FOLLOWER 1] Vote granted to 'localhost:3003' for term '1'.
2017/12/08 02:03:48 [FOLLOWER 1] Vote denied to 'localhost:3002' for term '1'.
2017/12/08 02:03:48 [FOLLOWER 1] Vote denied to 'localhost:3004' for term '1'

C:\Users\Lucas Franca\Documents\CES-27\Lab5\ces27-lab3>go run run.go -id 2
2017/12/08 02:03:44 [SERVER] Listening on 'localhost:3002'
2017/12/08 02:03:44 [FOLLOWER 0] Run Logic.
2017/12/08 02:03:44 [SERVER] Accepting connections.
2017/12/08 02:03:47 [FOLLOWER 0] Election timeout.
2017/12/08 02:03:47 [CANDIDATE 0] Run Logic.
2017/12/08 02:03:47 [CANDIDATE 1] Running for term '1'.
2017/12/08 02:03:47 [CANDIDATE 1] Vote denied to 'localhost:3003' for term '1'.
2017/12/08 02:03:48 [CANDIDATE 1] Vote denied by 'localhost:3001'.
2017/12/08 02:03:48 [CANDIDATE 1] VoteCount: 1
2017/12/08 02:03:48 [CANDIDATE 1] Vote denied by 'localhost:3004'.
2017/12/08 02:03:48 [CANDIDATE 1] VoteCount: 1
2017/12/08 02:03:48 [CANDIDATE 1] Vote denied by 'localhost:3005'.
2017/12/08 02:03:48 [CANDIDATE 1] VoteCount: 1
2017/12/08 02:03:48 [CANDIDATE 1] Vote denied by 'localhost:3003'.
2017/12/08 02:03:48 [CANDIDATE 1] VoteCount: 1
2017/12/08 02:03:48 [CANDIDATE 1] Vote denied to 'localhost:3004' for term '1'.
2017/12/08 02:03:48 [FOLLOWER 1] Run Logic.

C:\Users\Lucas Franca\Documents\CES-27\Lab5\ces27-lab3>go run run.go -id 3
2017/12/08 02:03:44 [SERVER] Listening on 'localhost:3003'
2017/12/08 02:03:44 [FOLLOWER 0] Run Logic.
2017/12/08 02:03:44 [SERVER] Accepting connections.
2017/12/08 02:03:46 [FOLLOWER 0] Election timeout.
2017/12/08 02:03:46 [CANDIDATE 0] Run Logic.
2017/12/08 02:03:46 [CANDIDATE 1] Running for term '1'.
2017/12/08 02:03:47 [CANDIDATE 1] Vote granted by 'localhost:3001'.
2017/12/08 02:03:47 [CANDIDATE 1] VoteCount: 2
2017/12/08 02:03:47 [CANDIDATE 1] Vote denied by 'localhost:3004'.
2017/12/08 02:03:47 [CANDIDATE 1] VoteCount: 2
2017/12/08 02:03:47 [CANDIDATE 1] Vote denied by 'localhost:3002'.
2017/12/08 02:03:47 [CANDIDATE 1] VoteCount: 2
2017/12/08 02:03:47 [CANDIDATE 1] Vote granted by 'localhost:3005'.
2017/12/08 02:03:47 [CANDIDATE 1] VoteCount: 3
2017/12/08 02:03:47 [LEADER 1] Run Logic.
2017/12/08 02:03:48 [LEADER 1] Vote denied to 'localhost:3002' for term '1'.
2017/12/08 02:03:48 [LEADER 1] Vote denied to 'localhost:3004' for term '1'.

C:\Users\Lucas Franca\Documents\CES-27\Lab5\ces27-lab3>go run run.go -id 4
2017/12/08 02:03:45 [SERVER] Listening on 'localhost:3004'
2017/12/08 02:03:45 [FOLLOWER 0] Run Logic.
2017/12/08 02:03:45 [SERVER] Accepting connections.
2017/12/08 02:03:47 [FOLLOWER 0] Election timeout.
2017/12/08 02:03:47 [CANDIDATE 0] Run Logic.
2017/12/08 02:03:47 [CANDIDATE 1] Running for term '1'.
2017/12/08 02:03:47 [CANDIDATE 1] Vote denied to 'localhost:3003' for term '1'.
2017/12/08 02:03:48 [CANDIDATE 1] Vote denied to 'localhost:3002' for term '1'.
2017/12/08 02:03:48 [CANDIDATE 1] Vote denied by 'localhost:3003'.
2017/12/08 02:03:48 [CANDIDATE 1] VoteCount: 1
2017/12/08 02:03:48 [CANDIDATE 1] Vote denied by 'localhost:3001'.
2017/12/08 02:03:48 [CANDIDATE 1] VoteCount: 1
2017/12/08 02:03:48 [CANDIDATE 1] Vote denied by 'localhost:3005'.
2017/12/08 02:03:48 [CANDIDATE 1] VoteCount: 1
2017/12/08 02:03:48 [CANDIDATE 1] Vote denied by 'localhost:3002'.
2017/12/08 02:03:48 [CANDIDATE 1] VoteCount: 1
2017/12/08 02:03:48 [FOLLOWER 1] Run Logic.

C:\Users\Lucas Franca\Documents\CES-27\Lab5\ces27-lab3>go run run.go -id 5
2017/12/08 02:03:45 [SERVER] Listening on 'localhost:3005'
2017/12/08 02:03:45 [FOLLOWER 0] Run Logic.
2017/12/08 02:03:45 [SERVER] Accepting connections.
2017/12/08 02:03:47 [FOLLOWER 1] Vote granted to 'localhost:3003' for term '1'.
2017/12/08 02:03:48 [FOLLOWER 1] Vote denied to 'localhost:3002' for term '1'.
2017/12/08 02:03:48 [FOLLOWER 1] Vote denied to 'localhost:3004' for term '1'.